// Jest Snapshot v1, https://goo.gl/fbAQLP

exports[`<CardHeader /> should renders correctly 1`] = `ShallowWrapper {}`;
