// Jest Snapshot v1, https://goo.gl/fbAQLP

exports[`<CardBody /> should renders correctly 1`] = `ShallowWrapper {}`;
