// Jest Snapshot v1, https://goo.gl/fbAQLP

exports[`<Select /> should renders correctly 1`] = `ShallowWrapper {}`;
