// Jest Snapshot v1, https://goo.gl/fbAQLP

exports[`<DiffIndicator /> should renders correctly 1`] = `ShallowWrapper {}`;
