// Jest Snapshot v1, https://goo.gl/fbAQLP

exports[`<DropOutGraph /> should renders correctly 1`] = `ShallowWrapper {}`;
