// Jest Snapshot v1, https://goo.gl/fbAQLP

exports[`<VerticalBarChart /> should renders correctly 1`] = `ShallowWrapper {}`;
